<html>
<body>
<pre>
<h1>礦ision Build Log</h1>
<h2>Tool Versions:</h2>
IDE-Version: μVision V5.13.0.0
Copyright (C) 2014 ARM Ltd and ARM Germany GmbH. All rights reserved.
License Information: A A, A, LIC=PE7X7-EWI8K-X5MT0-BF216-2VWYC-KA1JY
 
Tool Versions:
Toolchain:       MDK-ARM Standard  Version: 5.13.0.0
Toolchain Path:  D:\Keil_v5\ARM\ARMCC\Bin
C Compiler:      Armcc.exe V5.05 update 1 (build 106)
Assembler:       Armasm.exe V5.05 update 1 (build 106)
Linker/Locator:  ArmLink.exe V5.05 update 1 (build 106)
Library Manager: ArmAr.exe V5.05 update 1 (build 106)
Hex Converter:   FromElf.exe V5.05 update 1 (build 106)
CPU DLL:         SARMCM3.DLL V5.13.0.0
Dialog DLL:      DARMCM1.DLL V1.12.0.0
Target DLL:      Segger\JL2CM3.dll V2.99.11.0
Dialog DLL:      TARMCM1.DLL V1.9.0.0
 
<h2>Project:</h2>
E:\开发板资料\Cortex-M0 LPC1114\(瑞生)LPC1114V3.1光盘\1_例程\应用篇例程\【例程4】液晶显示器\【例程4.3】英文字符（内存）\Ration_TFT.uvprojx
Project File Date:  02/15/2015

<h2>Output:</h2>
Rebuild target '瑞生LPC1114 V3.1'
compiling system_LPC11xx.c...
assembling startup_LPC11xx.s...
compiling ili9341.c...
compiling main.c...
linking...
Program Size: Code=1820 RO-data=1744 RW-data=4 ZI-data=612  
FromELF: creating hex file...
".\Objects\Ration_TFT.axf" - 0 Error(s), 0 Warning(s).

<h2>Collection of Component include folders:</h2>
  E:\开发板资料\Cortex-M0 LPC1114\(瑞生)LPC1114V3.1光盘\1_例程\应用篇例程\【例程4】液晶显示器\【例程4.3】英文字符（内存）\RTE
  D:\Keil_v5\ARM\PACK\Keil\LPC1100_DFP\1.2.0\Device\Include\LPC11xx

<h2>Collection of Component Files used:</h2>
</pre>
</body>
</html>
